// Jest Snapshot v1, https://goo.gl/fbAQLP

exports[`sanpshot will verify if a string matches a regex expression passed 1`] = `
Object {
  "asFragment": [Function],
  "baseElement": <body>
    <div>
      <form>
        <div
          class="middle"
        >
          <h3>
            Employee Polls
          </h3>
          <h4>
            Login
          </h4>
          <div>
            <select
              data-testid="username-select"
            >
              <option
                disabled=""
                value=""
              >
                Username
              </option>
              <option
                value="mtsamis"
              >
                Mtsamis
              </option>
              <option
                value="sarahedo"
              >
                sarahedo
              </option>
              <option
                value="tylermcginnis"
              >
                tylermcginnis
              </option>
              <option
                value="zoshikanlu"
              >
                zoshikanlu
              </option>
            </select>
            <select
              data-testid="input-pwd"
            >
              <option
                disabled=""
                value=""
              >
                Password
              </option>
              <option
                value="xyz123"
              >
                xyz123
              </option>
              <option
                value="password123"
              >
                password123
              </option>
              <option
                value="abc321"
              >
                abc321
              </option>
              <option
                value="pass246"
              >
                pass246
              </option>
            </select>
          </div>
          <button
            data-testid="submit-button"
          >
            Submit
          </button>
        </div>
      </form>
    </div>
  </body>,
  "container": <div>
    <form>
      <div
        class="middle"
      >
        <h3>
          Employee Polls
        </h3>
        <h4>
          Login
        </h4>
        <div>
          <select
            data-testid="username-select"
          >
            <option
              disabled=""
              value=""
            >
              Username
            </option>
            <option
              value="mtsamis"
            >
              Mtsamis
            </option>
            <option
              value="sarahedo"
            >
              sarahedo
            </option>
            <option
              value="tylermcginnis"
            >
              tylermcginnis
            </option>
            <option
              value="zoshikanlu"
            >
              zoshikanlu
            </option>
          </select>
          <select
            data-testid="input-pwd"
          >
            <option
              disabled=""
              value=""
            >
              Password
            </option>
            <option
              value="xyz123"
            >
              xyz123
            </option>
            <option
              value="password123"
            >
              password123
            </option>
            <option
              value="abc321"
            >
              abc321
            </option>
            <option
              value="pass246"
            >
              pass246
            </option>
          </select>
        </div>
        <button
          data-testid="submit-button"
        >
          Submit
        </button>
      </div>
    </form>
  </div>,
  "debug": [Function],
  "findAllByAltText": [Function],
  "findAllByDisplayValue": [Function],
  "findAllByLabelText": [Function],
  "findAllByPlaceholderText": [Function],
  "findAllByRole": [Function],
  "findAllByTestId": [Function],
  "findAllByText": [Function],
  "findAllByTitle": [Function],
  "findByAltText": [Function],
  "findByDisplayValue": [Function],
  "findByLabelText": [Function],
  "findByPlaceholderText": [Function],
  "findByRole": [Function],
  "findByTestId": [Function],
  "findByText": [Function],
  "findByTitle": [Function],
  "getAllByAltText": [Function],
  "getAllByDisplayValue": [Function],
  "getAllByLabelText": [Function],
  "getAllByPlaceholderText": [Function],
  "getAllByRole": [Function],
  "getAllByTestId": [Function],
  "getAllByText": [Function],
  "getAllByTitle": [Function],
  "getByAltText": [Function],
  "getByDisplayValue": [Function],
  "getByLabelText": [Function],
  "getByPlaceholderText": [Function],
  "getByRole": [Function],
  "getByTestId": [Function],
  "getByText": [Function],
  "getByTitle": [Function],
  "queryAllByAltText": [Function],
  "queryAllByDisplayValue": [Function],
  "queryAllByLabelText": [Function],
  "queryAllByPlaceholderText": [Function],
  "queryAllByRole": [Function],
  "queryAllByTestId": [Function],
  "queryAllByText": [Function],
  "queryAllByTitle": [Function],
  "queryByAltText": [Function],
  "queryByDisplayValue": [Function],
  "queryByLabelText": [Function],
  "queryByPlaceholderText": [Function],
  "queryByRole": [Function],
  "queryByTestId": [Function],
  "queryByText": [Function],
  "queryByTitle": [Function],
  "rerender": [Function],
  "unmount": [Function],
}
`;
